=== ELIMINACIÓN EMPRESA: APR-REQUINOA (apr-requinoa) ===
Iniciada por: carlos
Fecha: 2026-03-23 09:09:03
==================================================

[1] Removiendo configuración...
  ✓ Removido de settings.DATABASES
  ✓ Removido de empresas_alias.json

[2] Eliminando base de datos...
  ✗ db_apr-requinoa.sqlite3: No se pudo eliminar ni renombrar: [WinError 32] El proceso no tiene acceso al archivo porque está siendo utilizado por otro proceso: 'C:\\Users\\javie\\OneDrive\\Documentos\\OneDrive\\Desktop\\SSR_ASESORA\\asesora_ssr\\bases\\db_apr-requinoa.sqlite3' -> 'C:\\Users\\javie\\OneDrive\\Documentos\\OneDrive\\Desktop\\SSR_ASESORA\\asesora_ssr\\bases\\db_apr-requinoa.sqlite3.eliminado_20260323_090905'
  ℹ️  db_apr-requinoa.sqlite3-wal no existe
  ℹ️  db_apr-requinoa.sqlite3-shm no existe
  ℹ️  db_apr-requinoa.db no existe
  Resumen: 0/4 archivos eliminados

[3] Eliminando directorios...
  ℹ️  app_movil: No existe
  ℹ️  media: No existe
  ℹ️  logos: No existe
  Resumen: 0/3 directorios eliminados

[4] Eliminando archivos de log...
  ℹ️  apr-requinoa_log.txt no existe
  ℹ️  apr-requinoa.log no existe

[5] Registrando auditoría...
  ⚠️  Error creando auditoría: Cannot assign "'carlos'": "EliminacionEmpresa.ejecutado_por" must be a "User" instance.

[6] Eliminando registro de empresa...
  ✓ Empresa eliminada de la base de datos
  Información eliminada: {"nombre": "APR-REQUINOA", "slug": "apr-requinoa", "ruc": null, "direccion": "COMUNA REQUINOA", "telefono": "7431321", "email": null, "fecha_creacion": "2026-03-12T22:00:52.127520+00:00"}

==================================================
✅ ELIMINACIÓN COMPLETADA EXITOSAMENTE
Resumen final:
  • Archivos BD: 0/4
  • Directorios: 0/3
  • Logs: 0/2
  • Empresa: APR-REQUINOA
==================================================